// Jest Snapshot v1, https://goo.gl/fbAQLP

exports[`DataTable snapshots renders 1`] = `
.c1 {
  font-family: 'proxima-nova',Helvetica,Arial,sans-serif;
  font-size: 16px;
  font-weight: 400;
  text-transform: none;
  font-style: normal;
}

.c0 th {
  font-weight: bold;
}

<div
  className="c0"
>
  <div
    className="MuiTableContainer-root"
  >
    <table
      aria-label="simple table"
      className="MuiTable-root"
      role={null}
    >
      <thead
        className="MuiTableHead-root"
        role={null}
      >
        <tr
          className="MuiTableRow-root MuiTableRow-head"
          role={null}
        >
          <th
            aria-sort={null}
            className="MuiTableCell-root MuiTableCell-head"
            scope="col"
          >
            Name
          </th>
          <th
            aria-sort={null}
            className="MuiTableCell-root MuiTableCell-head"
            scope="col"
          >
            Status
          </th>
          <th
            aria-sort={null}
            className="MuiTableCell-root MuiTableCell-head"
            scope="col"
          >
            Last Updated
          </th>
        </tr>
      </thead>
      <tbody
        className="MuiTableBody-root"
        role={null}
      >
        <tr
          className="MuiTableRow-root"
          role={null}
        >
          <td
            aria-sort={null}
            className="MuiTableCell-root MuiTableCell-body"
          >
            <span
              className="c1"
              size="normal"
            >
              <a
                href="/some_url"
              >
                my-cool-app
              </a>
            </span>
          </td>
          <td
            aria-sort={null}
            className="MuiTableCell-root MuiTableCell-body"
          >
            <span
              className="c1"
              size="normal"
            >
              Ready
            </span>
          </td>
          <td
            aria-sort={null}
            className="MuiTableCell-root MuiTableCell-body"
          >
            <span
              className="c1"
              size="normal"
            >
              2006-01-02T15:04:05-0700
            </span>
          </td>
        </tr>
        <tr
          className="MuiTableRow-root"
          role={null}
        >
          <td
            aria-sort={null}
            className="MuiTableCell-root MuiTableCell-body"
          >
            <span
              className="c1"
              size="normal"
            >
              <a
                href="/some_url"
              >
                nginx
              </a>
            </span>
          </td>
          <td
            aria-sort={null}
            className="MuiTableCell-root MuiTableCell-body"
          >
            <span
              className="c1"
              size="normal"
            >
              Ready
            </span>
          </td>
          <td
            aria-sort={null}
            className="MuiTableCell-root MuiTableCell-body"
          >
            <span
              className="c1"
              size="normal"
            >
              2006-01-02T15:04:05-0700
            </span>
          </td>
        </tr>
        <tr
          className="MuiTableRow-root"
          role={null}
        >
          <td
            aria-sort={null}
            className="MuiTableCell-root MuiTableCell-body"
          >
            <span
              className="c1"
              size="normal"
            >
              <a
                href="/some_url"
              >
                podinfo
              </a>
            </span>
          </td>
          <td
            aria-sort={null}
            className="MuiTableCell-root MuiTableCell-body"
          >
            <span
              className="c1"
              size="normal"
            >
              Ready
            </span>
          </td>
          <td
            aria-sort={null}
            className="MuiTableCell-root MuiTableCell-body"
          >
            <span
              className="c1"
              size="normal"
            >
              2006-01-02T15:04:05-0700
            </span>
          </td>
        </tr>
      </tbody>
    </table>
  </div>
</div>
`;
