// Jest Snapshot v1, https://goo.gl/fbAQLP

exports[`KeyValueTable snapshots renders 1`] = `
.c1 {
  font-weight: bold;
}

.c0 table {
  width: 100%;
}

.c0 tr {
  height: 64px;
}

<div
  className="c0"
  role="list"
>
  <table>
    <tbody>
      <tr>
        <td
          role="listitem"
        >
          <div
            aria-label="Name"
            className="c1"
          >
            Name
          </div>
          <div
            className=""
          >
            my thing
          </div>
        </td>
        <td
          role="listitem"
        >
          <div
            aria-label="Status"
            className="c1"
          >
            Status
          </div>
          <div
            className=""
          >
            ok
          </div>
        </td>
        <td
          role="listitem"
        >
          <div
            aria-label="Last updated"
            className="c1"
          >
            Last updated
          </div>
          <div
            className=""
          >
            2006-01-02T15:04:05-0700
          </div>
        </td>
      </tr>
    </tbody>
  </table>
</div>
`;
